     KSTP      KPER    PERTIM            TOTIM                       TEXT        NCPL      INT1      ILAY
        1         1    1.00000000        1.00000000      HEAD                     121         1         1
